Windows PowerShell                                                                                                           Copyright (C) Microsoft Corporation. All rights reserved.                                                                                                                                                                                                 Try the new cross-platform PowerShell https://aka.ms/pscore6                                                                                                                                                                                              PS C:\Users\Simran Grover> cd /batches                                                                                       PS C:\batches> ls                                                                                                                                                                                                                                                                                                                                                                          Directory: C:\batches                                                                                                                                                                                                                                                                                                                                                              Mode                LastWriteTime         Length Name                                                                        ----                -------------         ------ ----                                                                        d-----       04-01-2020     20:24                .ipynb_checkpoints                                                          d-----       17-02-2020     11:16                batch1130                                                                   d-----       31-03-2020     10:11                batch330                                                                    d-----       02-06-2020     18:43                batch5pm                                                                    d-----       12-05-2020     11:13                batch630                                                                    d-----       26-04-2020     21:57                newbatch                                                                    d-----       08-07-2020     13:59                online_batch                                                                d-----       14-03-2020     15:13                sat_sunbatch                                                                d-----       14-02-2020     09:02                sir_batch                                                                   d-----       14-04-2020     09:43                zalakclass                                                                  -a----       16-04-2020     20:39         195506 batch5pm.zip                                                                -a----       18-02-2020     17:49             41 one.py                                                                      -a----       19-02-2020     17:32             24 one.txt                                                                     -a----       04-01-2020     20:25          12715 Untitled.ipynb                                                                                                                                                                                                                                                                                                                        PS C:\batches> mkdir gitrepo                                                                                                                                                                                                                                                                                                                                                               Directory: C:\batches                                                                                                                                                                                                                                                                                                                                                              Mode                LastWriteTime         Length Name                                                                        ----                -------------         ------ ----                                                                        d-----       11-07-2020     11:10                gitrepo                                                                                                                                                                                                                                                                                                                               PS C:\batches> cd .\gitrepo\                                                                                                 PS C:\batches\gitrepo> git status                                                                                            fatal: Not a git repository (or any of the parent directories): .git                                                         PS C:\batches\gitrepo> git init                                                                                              Initialized empty Git repository in C:/batches/gitrepo/.git/                                                                 PS C:\batches\gitrepo> ls                                                                                                    PS C:\batches\gitrepo> cd .\.git\                                                                                            PS C:\batches\gitrepo\.git> ls                                                                                                                                                                                                                                                                                                                                                             Directory: C:\batches\gitrepo\.git                                                                                                                                                                                                                                                                                                                                                 Mode                LastWriteTime         Length Name                                                                        ----                -------------         ------ ----                                                                        d-----       11-07-2020     11:11                hooks                                                                       d-----       11-07-2020     11:11                info                                                                        d-----       11-07-2020     11:11                objects                                                                     d-----       11-07-2020     11:11                refs                                                                        -a----       11-07-2020     11:11            130 config                                                                      -a----       11-07-2020     11:11             73 description                                                                 -a----       11-07-2020     11:11             23 HEAD                                                                                                                                                                                                                                                                                                                                  PS C:\batches\gitrepo\.git> vim .\description                                                                                PS C:\batches\gitrepo\.git> vim .\config                                                                                     PS C:\batches\gitrepo\.git> git config user.name                                                                             simrangrover5                                                                                                                PS C:\batches\gitrepo\.git> git config user.email                                                                            simrangrover5@gmail.com                                                                                                      PS C:\batches\gitrepo\.git> cd ..                                                                                            PS C:\batches\gitrepo> ls                                                                                                    PS C:\batches\gitrepo> vim one.py                                                                                            PS C:\batches\gitrepo> ls                                                                                                                                                                                                                                                                                                                                                                  Directory: C:\batches\gitrepo                                                                                                                                                                                                                                                                                                                                                      Mode                LastWriteTime         Length Name                                                                        ----                -------------         ------ ----                                                                        -a----       11-07-2020     11:21            523 .one.py.un~                                                                 -a----       11-07-2020     11:21             55 one.py                                                                                                                                                                                                                                                                                                                                PS C:\batches\gitrepo> git status                                                                                            On branch master                                                                                                                                                                                                                                          No commits yet                                                                                                                                                                                                                                            Untracked files:                                                                                                               (use "git add <file>..." to include in what will be committed)                                                                                                                                                                                                  .one.py.un~                                                                                                                  one.py                                                                                                                                                                                                                                            nothing added to commit but untracked files present (use "git add" to track)                                                 PS C:\batches\gitrepo> git add .                                                                                             PS C:\batches\gitrepo> git status                                                                                            On branch master                                                                                                                                                                                                                                          No commits yet                                                                                                                                                                                                                                            Changes to be committed:                                                                                                       (use "git rm --cached <file>..." to unstage)                                                                                                                                                                                                                    new file:   .one.py.un~                                                                                                      new file:   one.py                                                                                                                                                                                                                                PS C:\batches\gitrepo> vim .\one.py                                                                                          PS C:\batches\gitrepo> git status                                                                                            On branch master                                                                                                                                                                                                                                          No commits yet                                                                                                                                                                                                                                            Changes to be committed:                                                                                                       (use "git rm --cached <file>..." to unstage)                                                                                                                                                                                                                    new file:   .one.py.un~                                                                                                      new file:   one.py                                                                                                                                                                                                                                Changes not staged for commit:                                                                                                 (use "git add <file>..." to update what will be committed)                                                                   (use "git checkout -- <file>..." to discard changes in working directory)                                                                                                                                                                                       modified:   .one.py.un~                                                                                                      modified:   one.py                                                                                                                                                                                                                                Untracked files:                                                                                                               (use "git add <file>..." to include in what will be committed)                                                                                                                                                                                                  one.py~                                                                                                                                                                                                                                           PS C:\batches\gitrepo> git add .                                                                                             PS C:\batches\gitrepo> git status                                                                                            On branch master                                                                                                                                                                                                                                          No commits yet                                                                                                                                                                                                                                            Changes to be committed:                                                                                                       (use "git rm --cached <file>..." to unstage)                                                                                                                                                                                                                    new file:   .one.py.un~                                                                                                      new file:   one.py                                                                                                           new file:   one.py~                                                                                                                                                                                                                               PS C:\batches\gitrepo> git commit -m "added a python file one.py"                                                            [master (root-commit) 53c1e68] added a python file one.py                                                                     3 files changed, 12 insertions(+)                                                                                            create mode 100644 .one.py.un~                                                                                               create mode 100644 one.py                                                                                                    create mode 100644 one.py~                                                                                                  PS C:\batches\gitrepo> git status                                                                                            On branch master                                                                                                             nothing to commit, working tree clean                                                                                        PS C:\batches\gitrepo> git log                                                                                               commit 53c1e68b0aadeffc0c70e4a8a8e190f04506272c (HEAD -> master)                                                             Author: simrangrover5 <simrangrover5@gmail.com>                                                                              Date:   Sat Jul 11 11:26:29 2020 +0530                                                                                                                                                                                                                        added a python file one.py                                                                                               PS C:\batches\gitrepo> git diff 53c1e68b0aadeffc0c70e4a8a8e190f04506272c                                                     PS C:\batches\gitrepo> git diff one.py                                                                                       PS C:\batches\gitrepo> vim .\one.py                                                                                          PS C:\batches\gitrepo> git diff one.py                                                                                       diff --git a/one.py b/one.py                                                                                                 index 2dcb1a0..5880236 100644                                                                                                --- a/one.py                                                                                                                 +++ b/one.py                                                                                                                 @@ -6,3 +6,6 @@ def add(a,b):                                                                                                                                                                                                                              def sub(a,b):                                                                                                                    return a-b                                                                                                              +                                                                                                                            +                                                                                                                            +print("bye world")                                                                                                          PS C:\batches\gitrepo> git add .                                                                                             PS C:\batches\gitrepo> git status                                                                                            On branch master                                                                                                             Changes to be committed:                                                                                                       (use "git reset HEAD <file>..." to unstage)                                                                                                                                                                                                                     modified:   .one.py.un~                                                                                                      modified:   one.py                                                                                                           modified:   one.py~                                                                                                                                                                                                                               PS C:\batches\gitrepo> git commit -m "added a print line in py file"                                                         [master 9cd45e2] added a print line in py file                                                                                3 files changed, 7 insertions(+)                                                                                            PS C:\batches\gitrepo> git status                                                                                            On branch master                                                                                                             nothing to commit, working tree clean                                                                                        PS C:\batches\gitrepo> git log                                                                                               commit 9cd45e2f3cfcbd029863bf7c38074dac33da5862 (HEAD -> master)                                                             Author: simrangrover5 <simrangrover5@gmail.com>                                                                              Date:   Sat Jul 11 11:30:14 2020 +0530                                                                                                                                                                                                                        added a print line in py file                                                                                                                                                                                                                         commit 53c1e68b0aadeffc0c70e4a8a8e190f04506272c                                                                              Author: simrangrover5 <simrangrover5@gmail.com>                                                                              Date:   Sat Jul 11 11:26:29 2020 +0530                                                                                                                                                                                                                        added a python file one.py                                                                                               PS C:\batches\gitrepo> git tag                                                                                               PS C:\batches\gitrepo> git tag -a "V2.0" 9cd45e2                                                                             PS C:\batches\gitrepo> git tag                                                                                               V2.0                                                                                                                         PS C:\batches\gitrepo> git show v2.0                                                                                         tag V2.0                                                                                                                     Tagger: simrangrover5 <simrangrover5@gmail.com>                                                                              Date:   Sat Jul 11 11:31:31 2020 +0530                                                                                                                                                                                                                       V2.0  This is first version of my file                                                                                                                                                                                                                 commit 9cd45e2f3cfcbd029863bf7c38074dac33da5862 (HEAD -> master, tag: V2.0)                                                  Author: simrangrover5 <simrangrover5@gmail.com>                                                                              Date:   Sat Jul 11 11:30:14 2020 +0530                                                                                                                                                                                                                        added a print line in py file                                                                                                                                                                                                                         diff --git a/.one.py.un~ b/.one.py.un~                                                                                       index aa87d7b..d0f2ddb 100644                                                                                                Binary files a/.one.py.un~ and b/.one.py.un~ differ                                                                          diff --git a/one.py b/one.py                                                                                                 index 2dcb1a0..5880236 100644                                                                                                --- a/one.py                                                                                                                 +++ b/one.py                                                                                                                 @@ -6,3 +6,6 @@ def add(a,b):                                                                                                                                                                                                                              def sub(a,b):                                                                                                                    return a-b                                                                                                              +                                                                                                                            +                                                                                                                            +print("bye world")                                                                                                          diff --git a/one.py~ b/one.py~                                                                                               index 28b0ba2..2dcb1a0 100644                                                                                                --- a/one.py~                                                                                                                +++ b/one.py~                                                                                                                @@ -2,3 +2,7 @@ print("hello world")                                                                                                                                                                                                                       def add(a,b):                                                                                                                    return a+b                                                                                                              +                                                                                                                            +                                                                                                                            +def sub(a,b):                                                                                                               +    return a-b                                                                                                              PS C:\batches\gitrepo> git tag -a "V2.1" 58dcc23                                                                             PS C:\batches\gitrepo> git tag -a "V2.2" 3102b4d                                                                             error: There was a problem with the editor 'vi'.                                                                             Please supply the message using either -m or -F option.                                                                      PS C:\batches\gitrepo> git tag -a "V2.2" 3102b4d                                                                             PS C:\batches\gitrepo> vim .\.git\refs\                                                                                      PS C:\batches\gitrepo> cd .\.git\                                                                                            PS C:\batches\gitrepo\.git> ls                                                                                                                                                                                                                                                                                                                                                             Directory: C:\batches\gitrepo\.git                                                                                                                                                                                                                                                                                                                                                 Mode                LastWriteTime         Length Name                                                                        ----                -------------         ------ ----                                                                        d-----       11-07-2020     11:11                hooks                                                                       d-----       11-07-2020     11:11                info                                                                        d-----       11-07-2020     11:26                logs                                                                        d-----       11-07-2020     11:46                objects                                                                     d-----       11-07-2020     11:49                refs                                                                        -a----       11-07-2020     11:43             38 COMMIT_EDITMSG                                                              -a----       11-07-2020     11:11            130 config                                                                      -a----       11-07-2020     11:11             73 description                                                                 -a----       11-07-2020     11:11             23 HEAD                                                                        -a----       11-07-2020     11:43            361 index                                                                                                                                                                                                                                                                                                                                 PS C:\batches\gitrepo\.git> cd .\refs\                                                                                       PS C:\batches\gitrepo\.git\refs> ls                                                                                                                                                                                                                                                                                                                                                        Directory: C:\batches\gitrepo\.git\refs                                                                                                                                                                                                                                                                                                                                            Mode                LastWriteTime         Length Name                                                                        ----                -------------         ------ ----                                                                        d-----       11-07-2020     11:43                heads                                                                       d-----       11-07-2020     11:46                tags                                                                                                                                                                                                                                                                                                                                  PS C:\batches\gitrepo\.git\refs> cd .\tags\                                                                                  PS C:\batches\gitrepo\.git\refs\tags> ls                                                                                                                                                                                                                                                                                                                                                   Directory: C:\batches\gitrepo\.git\refs\tags                                                                                                                                                                                                                                                                                                                                       Mode                LastWriteTime         Length Name                                                                        ----                -------------         ------ ----                                                                        -a----       11-07-2020     11:31             41 V2.0                                                                        -a----       11-07-2020     11:40             41 V2.1                                                                        -a----       11-07-2020     11:46             41 V2.2                                                                                                                                                                                                                                                                                                                                  PS C:\batches\gitrepo\.git\refs\tags> cd ..                                                                                  PS C:\batches\gitrepo\.git\refs> cd ..                                                                                       PS C:\batches\gitrepo\.git> cd .\refs\                                                                                       PS C:\batches\gitrepo\.git\refs> ls                                                                                                                                                                                                                                                                                                                                                        Directory: C:\batches\gitrepo\.git\refs                                                                                                                                                                                                                                                                                                                                            Mode                LastWriteTime         Length Name                                                                        ----                -------------         ------ ----                                                                        d-----       11-07-2020     11:43                heads                                                                       d-----       11-07-2020     11:46                tags                                                                                                                                                                                                                                                                                                                                  PS C:\batches\gitrepo\.git\refs> cd .\tags\                                                                                  PS C:\batches\gitrepo\.git\refs\tags> ls                                                                                                                                                                                                                                                                                                                                                   Directory: C:\batches\gitrepo\.git\refs\tags                                                                                                                                                                                                                                                                                                                                       Mode                LastWriteTime         Length Name                                                                        ----                -------------         ------ ----                                                                        -a----       11-07-2020     11:31             41 V2.0                                                                        -a----       11-07-2020     11:40             41 V2.1                                                                        -a----       11-07-2020     11:46             41 V2.2                                                                                                                                                                                                                                                                                                                                  PS C:\batches\gitrepo\.git\refs\tags> vim .\V2.0                                                                             PS C:\batches\gitrepo\.git\refs\tags> vim .\V2.1                                                                             PS C:\batches\gitrepo\.git\refs\tags> vim .\V2.2                                                                             PS C:\batches\gitrepo\.git\refs\tags> cd ..                                                                                  PS C:\batches\gitrepo\.git\refs> ls                                                                                                                                                                                                                                                                                                                                                        Directory: C:\batches\gitrepo\.git\refs                                                                                                                                                                                                                                                                                                                                            Mode                LastWriteTime         Length Name                                                                        ----                -------------         ------ ----                                                                        d-----       11-07-2020     11:43                heads                                                                       d-----       11-07-2020     11:54                tags                                                                                                                                                                                                                                                                                                                                  PS C:\batches\gitrepo\.git\refs> cd .\heads\                                                                                 PS C:\batches\gitrepo\.git\refs\heads> ls                                                                                                                                                                                                                                                                                                                                                  Directory: C:\batches\gitrepo\.git\refs\heads                                                                                                                                                                                                                                                                                                                                      Mode                LastWriteTime         Length Name                                                                        ----                -------------         ------ ----                                                                        -a----       11-07-2020     11:43             41 master                                                                                                                                                                                                                                                                                                                                PS C:\batches\gitrepo\.git\refs\heads> vim .\master                                                                          PS C:\batches\gitrepo\.git\refs\heads> git log                                                                               commit 3102b4df57de4bd2b971038948320f1555c23c57 (HEAD -> master, tag: V2.2)                                                  Author: simrangrover5 <simrangrover5@gmail.com>                                                                              Date:   Sat Jul 11 11:43:57 2020 +0530                                                                                                                                                                                                                        added a method in class in c1.py file                                                                                                                                                                                                                 commit 58dcc239356651c4b0a3bbdc8a6b3f1decdf20b2 (tag: V2.1)                                                                  Author: simrangrover5 <simrangrover5@gmail.com>                                                                              Date:   Sat Jul 11 11:37:57 2020 +0530                                                                                                                                                                                                                        added a file c1.py which consists of class                                                                                                                                                                                                            commit 9cd45e2f3cfcbd029863bf7c38074dac33da5862 (tag: V2.0)                                                                  Author: simrangrover5 <simrangrover5@gmail.com>
Date:   Sat Jul 11 11:30:14 2020 +0530

    added a print line in py file

commit 53c1e68b0aadeffc0c70e4a8a8e190f04506272c
Author: simrangrover5 <simrangrover5@gmail.com>
Date:   Sat Jul 11 11:26:29 2020 +0530

    added a python file one.py
PS C:\batches\gitrepo\.git\refs\heads>